C51 COMPILER V9.59.0.0   ADC                                                               11/03/2023 15:18:38 PAGE 1   


C51 COMPILER V9.59.0.0, COMPILATION OF MODULE ADC
OBJECT MODULE PLACED IN .\Objects\adc.obj
COMPILER INVOKED BY: C:\Keil_v5\C51\BIN\C51.EXE adc.c OPTIMIZE(8,SPEED) BROWSE DEBUG OBJECTEXTEND PRINT(.\Listings\adc.l
                    -st) TABS(2) OBJECT(.\Objects\adc.obj)

line level    source

   1          //including required libs
   2          #include"adc.h"
   3          #include"lcd.h"
   4          #include"delay.h"
   5          
   6          void pre_data()
   7          {
   8   1        init();                                 //calling init() function to activate the LCD
   9   1        LCD_cmd(0x80);                          //calling LCD_cmd function row-1, col-0
  10   1        LCD_string("ADC = ");                   //calling LCD_string function 
  11   1        LCD_cmd(0x89);                          //calling LCD_cmd function row-1, col-9
  12   1        LCD_data(0xDF);                         //calling LCD_data function with the hex value of degree symbol
  13   1        LCD_data('C');                          //calling LCD_data function with 'C' argument
  14   1        
  15   1        LCD_cmd(0xC2);                          //calling LCD_cmd function row-2, col-2
  16   1        LCD_string("ADITYA NIJAVE");            //calling LCD_string() function and passing string through it to displa
             -y on LCD
  17   1      }
  18          
  19          
  20          
  21          unsigned char ADC_read()                  //ADC_read() function defination
  22          {
  23   1          unsigned char ADC_value;              //ADC_value variable req. for ADC_port
  24   1        
  25   1          Rd = 1;                               //Read pin is high
  26   1          Wr = 0;                               //Write pin is low
  27   1          delay(1);                             //calling delay function which is used here to create pluse
  28   1          Wr = 1;                               //Write pin is high
  29   1          while(INTR == 1);                     //if INTR pin is 1 then conversion is in process and if INTR is 0 then conve
             -rsion is complate
  30   1          Rd = 0;                               //Read pin is low
  31   1        
  32   1          ADC_value = ADC_port;                 //assigning the value of ADC_port to ADC_value variable (who's range is fr
             -om 0 to 255)
  33   1          return ADC_value;
  34   1      }
  35          
  36          void ADC_display(unsigned int ADC_value)  ////ADC_display() function defination with one paramter
  37          {
  38   1          LCD_cmd(0x86);                        //calling LCD_cmd function row-1, col-6
  39   1          LCD_data((ADC_value / 100) + 48);     //calling LCD_data function to pass hundereds place integer 
  40   1          LCD_data(((ADC_value%10)/10)+48);     //calling LCD_data function to pass tens place integer
  41   1          LCD_data((ADC_value & 10) + 48);      //calling LCD_data function to pass units place integer
  42   1      }


MODULE INFORMATION:   STATIC OVERLAYABLE
   CODE SIZE        =    135    ----
   CONSTANT SIZE    =     21    ----
   XDATA SIZE       =   ----    ----
   PDATA SIZE       =   ----    ----
   DATA SIZE        =   ----       2
   IDATA SIZE       =   ----    ----
C51 COMPILER V9.59.0.0   ADC                                                               11/03/2023 15:18:38 PAGE 2   

   BIT SIZE         =   ----    ----
END OF MODULE INFORMATION.


C51 COMPILATION COMPLETE.  0 WARNING(S),  0 ERROR(S)
